// Jest Snapshot v1, https://goo.gl/fbAQLP

exports[`renders correctly when there are no items 1`] = `
<div
  className="burgermenuContainer"
  onClick={[Function]}
>
  <div
    className="burgerBar"
  />
  <div
    className="burgerBar"
  />
  <div
    className="burgerBar"
  />
</div>
`;
